[www.ustatunja.edu.co/index.html]
[backblue.gif]
[fade.gif]
[index.html]
[www.ustatunja.edu.co/index2205.css]
[www.ustatunja.edu.co/indexc0d0.html]
[www.ustatunja.edu.co/index1eee.css]
[www.ustatunja.edu.co/index7b17.html]
[cdnjs.cloudflare.com/ajax/libs/gsap/1.19.0/TweenMax.min.js]
[www.google-analytics.com/analytics.js]
[www.ustatunja.edu.co/recursos/comunidad-tomasina/correo-electronico.html]
[www.ustatunja.edu.co/inicio-relaciones-internacionales.html]
[www.ustatunja.edu.co/inicio-proyeccion-social.html]
[www.ustatunja.edu.co/ceremonia-grados.html]
[www.ustatunja.edu.co/nuestra-institucion/presentacion-usta-tunja.html]
[www.ustatunja.edu.co/nuestra-institucion/organigramas/organigrama-general.html]
[www.ustatunja.edu.co/nuestra-institucion/organigramas/organigrama-seccional-tunja.html]
[www.ustatunja.edu.co/nuestra-institucion/enlaces-institucionales/documentos-institucionales-1.html]
[www.ustatunja.edu.co/secretaria-principal.html]
[www.ustatunja.edu.co/inicio-auditoria-interna.html]
[www.ustatunja.edu.co/inicio-ugicu.html]
[www.ustatunja.edu.co/nuestra-institucion/enlaces-institucionales/derechos-pecuniarios.html]
[www.ustatunja.edu.co/nuestra-institucion/enlaces-institucionales/comites/comite-de-seguridad-vial.html]
[www.ustatunja.edu.co/programas-academicos/programas/pregrados-presenciales.html]
[www.ustatunja.edu.co/programas-academicos/programas/posgrados-presenciales.html]
[www.ustatunja.edu.co/inicio-instituto-de-lenguas.html]
[www.ustatunja.edu.co/programas-academicos/institutos/estudios-socio-historicos.html]
[www.ustatunja.edu.co/inicio-inagua.html]
[www.ustatunja.edu.co/inicio-biblioteca.html]
[www.ustatunja.edu.co/recursos/aspirantes-estudiantes/calendario-academico.html]
[www.ustatunja.edu.co/recursos/aspirantes-estudiantes/sac.html]
[www.ustatunja.edu.co/recursos/aspirantes-estudiantes/ediciones-usta-tunja.html]
[www.ustatunja.edu.co/inicio-consultorio-empresarial.html]
[www.ustatunja.edu.co/presentacion-consultorio.html]
[www.ustatunja.edu.co/inicio-consultorio-juridico-tunja.html]
[www.ustatunja.edu.co/tomas-noticias.html]
[www.ustatunja.edu.co/recursos/comunidad-tomasina/auxilios-educativos-usta-tunja.html]
[www.ustatunja.edu.co/recursos/comunidad-tomasina/todos-los-eventos.html]
[www.ustatunja.edu.co/inicio-ciencias-basicas.html]
[www.ustatunja.edu.co/inicio-humanidades.html]
[www.ustatunja.edu.co/inicio-posgrados.html]
[www.ustatunja.edu.co/inicio-admisiones-mercadeo.html]
[www.ustatunja.edu.co/inicio-registro-control.html]
[www.ustatunja.edu.co/inicio-sindicatura.html]
[www.ustatunja.edu.co/inicio-planeacion.html]
[www.ustatunja.edu.co/inicio-desarrollo-curricular.html]
[www.ustatunja.edu.co/inicio-desarrollo-integral.html]
[www.ustatunja.edu.co/noticias-bienestar-universitario.html]
[www.ustatunja.edu.co/inicio-oficina-de-egresados.html]
[www.ustatunja.edu.co/inicio-derecho-minero-ambiental.html]
[www.ustatunja.edu.co/licenciatura-idiomas.html]
[www.ustatunja.edu.co/inicio-listos.html]
[www.ustatunja.edu.co/tomas-noticias/tomas-noticias-usta.html]
[www.ustatunja.edu.co/tomas-noticias/tomas-noticias-usta/item/3605-maestria-en-derecho-minero-ambiental-es-una-realidad.html]
[www.ustatunja.edu.co/tomas-noticias/tomas-noticias-usta/item/3604-nueva-estrategia-de-icetex.html]
[www.ustatunja.edu.co/tomas-noticias/tomas-noticias-usta/item/3603-calendario-interno-saber-pro.html]
[www.ustatunja.edu.co/tomas-noticias/tomas-noticias-usta/item/3602-santoto-tunja-trabajo-con-los-pequenos-del-amparo-de-ninos.html]
[www.ustatunja.edu.co/tomas-noticias/tomas-noticias-usta/item/3601-tomasino-tu-opinion-es-muy-importante-para-nosotros.html]
[www.ustatunja.edu.co/eventos-usta-tunja/event/128-convocatoria-permanente-l-espirit-ingenieux.html]
[www.ustatunja.edu.co/eventos-usta-tunja/event/131-iii-convocatoria-interna-para-desarrollo-de-proyectos-de-grado.html]
[www.ustatunja.edu.co/eventos-usta-tunja/event/141-revista-t-arquitectura.html]
[www.ustatunja.edu.co/eventos-usta-tunja/event/146-la-igualdad-y-los-derechos-sexuales-de-las-migraciones.html]
[www.ustatunja.edu.co/eventos-usta-tunja/event/147-1er-congreso-internacional-de-ciencias-basicas-economicas-administrativas-y-contables.html]
[www.ustatunja.edu.co/eventos-usta-tunja/event/149-webinar-estrategia-mujeres-libres-de-violencia.html]
[www.ustatunja.edu.co/eventos-usta-tunja/event/153-formacion-en-emprendimiento.html]
[www.ustatunja.edu.co/convocatorias-santoto.html]
[www.ustatunja.edu.co/index.php/politica-de-cookies-cookies-policy.html]
[www.ustatunja.edu.co/comunicados/item/3378-validacion-de-incapacidades-medicas-para-estudiantes-de-pregrado-y-posgrado.html]
[www.ustatunja.edu.co/comunicados/item/3127-medidas-de-prevencion-contencion-y-mitigacion-para-el-covid-19-en-el-entorno-institucional.html]
[www.ustatunja.edu.co/comunicados/item/3070-calendario-institucional-2021.html]
[www.ustatunja.edu.co/comunicados/item/2889-tip-informativos-registro-y-control.html]
[www.ustatunja.edu.co/comunicados/item/2720-este-sera-el-correo-que-atendera-las-situaciones-de-acoso.html]
[www.ustatunja.edu.co/comunicados/item/2690-instrumento-de-caracterizacion-de-neotomasinos-pregrado-tunja.html]
[www.ustatunja.edu.co/comunicados/item/2551-protocolo-incapacidades-usta.html]
[www.ustatunja.edu.co/index.html]
[www.ustatunja.edu.co/convocatorias-laborales.html]
[www.ustatunja.edu.co/index2205.css]
[www.ustatunja.edu.co/index1eee.css]
[img04.en25.com/i/elqCfg.min.js]
[www.ustatunja.edu.co/www.ustatunja.edu.co/index.html]
[www.ustatunja.edu.co/recursos/comunidad-tomasina/correo-electronico.html]
[www.ustatunja.edu.co/recursos/comunidad-tomasina/correo-electronico/item/2043-periodico-buscador.html]
[www.ustatunja.edu.co/presentacion-relaciones-internacionales.html]
[www.ustatunja.edu.co/internacionalizacion-santoto.html]
[www.ustatunja.edu.co/convocatorias-relaciones-internacionales.html]
[www.ustatunja.edu.co/movilidad-relaciones-internacionales.html]
[www.ustatunja.edu.co/experiencias-relaciones-internacionales.html]
[www.ustatunja.edu.co/convenios-relaciones-internacionales.html]
[www.ustatunja.edu.co/preguntas-relaciones-internacioneles.html]
[www.ustatunja.edu.co/inicio-relaciones-internacionales.html]
[www.ustatunja.edu.co/contactanos-orii.html]
[www.ustatunja.edu.co/recursos-proyeccion-social.html]
[www.ustatunja.edu.co/inicio-proyeccion-social/presentacion-proyeccion-social.html]
[www.ustatunja.edu.co/inicio-proyeccion-social/principios-proyeccion-social.html]
[www.ustatunja.edu.co/inicio-proyeccion-social/organizacion-proyeccion-social.html]
[www.ustatunja.edu.co/quienes-somos-proyeccion-social/informacion-proyeccion-social.html]
[www.ustatunja.edu.co/quienes-somos-proyeccion-social/lineamientos-proyeccion-social.html]
[www.ustatunja.edu.co/estrategias/desarrollo-comunitario.html]
[www.ustatunja.edu.co/estrategias/emprendimiento.html]
[www.ustatunja.edu.co/estrategias/relaciones-interinstitucionales.html]
[www.ustatunja.edu.co/estrategias/egresados.html]
[www.ustatunja.edu.co/estrategias/articulacion-rsu.html]
[www.ustatunja.edu.co/inicio-proyeccion-social.html]
[www.ustatunja.edu.co/estadisticas/estadisticas-2017-proyeccion-social.html]
[www.ustatunja.edu.co/ceremonia-grados.html]
[www.ustatunja.edu.co/nuestra-institucion/presentacion-usta-tunja.html]
[www.ustatunja.edu.co/cronograma-interno-del-proceso-de-grados-2021.html]
[www.ustatunja.edu.co/nuestra-institucion/organigramas/organigrama-general.html]
[www.ustatunja.edu.co/nuestra-institucion/organigramas/organigrama-seccional-tunja.html]
[www.ustatunja.edu.co/nuestra-institucion/enlaces-institucionales/documentos-institucionales-1.html]
[www.ustatunja.edu.co/preuniversitario-santoto.html]
[www.ustatunja.edu.co/secretaria-principal.html]
[www.ustatunja.edu.co/equipo-trabajo-secretaria.html]
[www.ustatunja.edu.co/presentacion-auditoria-interna.html]
[www.ustatunja.edu.co/servicios-auditoria-interna.html]
[www.ustatunja.edu.co/equipo-de-trabajo-auditoria-interna.html]
[www.ustatunja.edu.co/inicio-auditoria-interna.html]
[www.ustatunja.edu.co/enlaces-interes-auditoria-interna.html]
[www.ustatunja.edu.co/etapas-proceso-autoevaluacion.html]
[www.ustatunja.edu.co/sistema-de-gestion-de-la-calidad/politica-y-objetivos-de-la-calidad.html]
[www.ustatunja.edu.co/sistema-de-gestion-de-la-calidad/mapa-de-procesos.html]
[www.ustatunja.edu.co/sistema-de-gestion-ambiental/inicio-sistema-gestion-ambiental.html]
[www.ustatunja.edu.co/sistema-de-gestion-ambiental/politica-y-objetivos-ambientales.html]
[www.ustatunja.edu.co/sistema-de-gestion-ambiental/programas-de-gestion-ambiental.html]
[www.ustatunja.edu.co/sistema-de-gestion-ambiental/ecoestadisticas.html]
[www.ustatunja.edu.co/sistema-de-gestion-ambiental/dimension-ambiental.html]
[www.ustatunja.edu.co/sistema-de-gestion-ambiental/campanas-ambiental.html]
[www.ustatunja.edu.co/registro-calificado.html]
[www.ustatunja.edu.co/criterios-calidad.html]
[www.ustatunja.edu.co/acreditacion-ugicu.html]
[www.ustatunja.edu.co/noticias-ugicu.html]
[www.ustatunja.edu.co/team-challenge-usta-tunja.html]
[www.ustatunja.edu.co/inicio-ugicu.html]
[www.ustatunja.edu.co/nuestra-institucion/enlaces-institucionales/derechos-pecuniarios.html]
[www.ustatunja.edu.co/contacto-ugicu.html]
[www.ustatunja.edu.co/inicio-seguridad-vial.html]
[www.ustatunja.edu.co/integrantes-seguridad-vial.html]
[www.ustatunja.edu.co/nuestra-institucion/enlaces-institucionales/comites/comite-de-seguridad-vial.html]
[www.ustatunja.edu.co/documentos-comite-seguridad-vial.html]
[www.ustatunja.edu.co/electivas-multicampus.html]
[www.ustatunja.edu.co/inicio-diseno-interaccion.html]
[www.ustatunja.edu.co/inicio-administracion-empresas.html]
[www.ustatunja.edu.co/inicio-negocios-internacionales.html]
[www.ustatunja.edu.co/inicio-contaduria-publica.html]
[www.ustatunja.edu.co/inicio-derecho.html]
[www.ustatunja.edu.co/inicio-arquitectura.html]
[www.ustatunja.edu.co/inicio-ingenieria-ambiental.html]
[www.ustatunja.edu.co/inicio-ingenieria-civil.html]
[www.ustatunja.edu.co/inicio-ingenieria-sistemas.html]
[www.ustatunja.edu.co/inicio-ingenieria-electronica.html]
[www.ustatunja.edu.co/inicio-ingenieria-mecanica.html]
[www.ustatunja.edu.co/inicio-ingenieria-industrial.html]
[www.ustatunja.edu.co/inicio-cultura-fisica.html]
[www.ustatunja.edu.co/programas-academicos/programas/pregrados-presenciales.html]
[www.ustatunja.edu.co/pregrado-admisiones-mercadeo/costos-admisiones-mercadeo.html]
[www.ustatunja.edu.co/inicio-especializacion-en-gerencia-estrategica-de-costos.html]
[www.ustatunja.edu.co/inicio-especializacion-auditoria-de-salud.html]
[www.ustatunja.edu.co/especializacion-auditoria.html]
[www.ustatunja.edu.co/inicio-especializacion-gestion-territorial.html]
[www.ustatunja.edu.co/inicio-innovacion-marketing.html]
[www.ustatunja.edu.co/maestria-administracion.html]
[www.ustatunja.edu.co/inicio-especializacion-penal-procesal.html]
[www.ustatunja.edu.co/inicio-especializacion-derecho-administrativo.html]
[www.ustatunja.edu.co/inicio-especializacion-contratacion-estatal.html]
[www.ustatunja.edu.co/inicio-especializacion-juridica-forense.html]
[www.ustatunja.edu.co/inicio-maestria-derecho-administrativo.html]
[www.ustatunja.edu.co/inicio-maestria-derecho-penal-procesal.html]
[www.ustatunja.edu.co/inicio-maestria-derecho-privado.html]
[www.ustatunja.edu.co/inicio-doctorado-derecho-publico.html]
[www.ustatunja.edu.co/inicio-especializacion-sistemas-calidad.html]
[www.ustatunja.edu.co/inicio-especializacion-proyectos-construccion.html]
[www.ustatunja.edu.co/inicio-especializacion-pavimentos.html]
[www.ustatunja.edu.co/inicio-especializacion-estructuras.html]
[www.ustatunja.edu.co/inicio-maestria-civil-hidroambiental.html]
[www.ustatunja.edu.co/inicio-maestria-ingenieria.html]
[www.ustatunja.edu.co/inicio-sostenibilidad-ambiental.html]
[www.ustatunja.edu.co/inicio-maestria-pedagogia.html]
[www.ustatunja.edu.co/programas-academicos/programas/posgrados-presenciales.html]
[www.ustatunja.edu.co/posgrado-admisiones-mercadeo/valores-posgrado-admisiones-mercadeo.html]
[www.ustatunja.edu.co/presentacion-instituto-de-lenguas.html]
[www.ustatunja.edu.co/comunidad-academica-institudo-lenguas.html]
[www.ustatunja.edu.co/clubes-de-conversacion.html]
[www.ustatunja.edu.co/cursos-intersemestrales.html]
[www.ustatunja.edu.co/oferta-de-cursos/libres-y-refuerzos-para-ninos-y-jovenes.html]
[www.ustatunja.edu.co/oferta-de-cursos/espanol-para-extranjeros.html]
[www.ustatunja.edu.co/oferta-de-cursos/otros-idiomas.html]
[www.ustatunja.edu.co/oferta-de-cursos/preparacion-examen-ibt.html]
[www.ustatunja.edu.co/oferta-de-cursos/ingles-como-requisito-de-grado-para-maestrias-y-especializaciones.html]
[www.ustatunja.edu.co/noticias-instituto-de-lenguas.html]
[www.ustatunja.edu.co/examenes-de-suficiencia.html]
[www.ustatunja.edu.co/inicio-instituto-de-lenguas.html]
[www.ustatunja.edu.co/programas-academicos/institutos/estudios-socio-historicos.html]
[www.ustatunja.edu.co/solicitar-traduccion.html]
[www.ustatunja.edu.co/servicios-ofertados.html]
[www.ustatunja.edu.co/recursos-asociados.html]
[www.ustatunja.edu.co/inicio-inagua.html]
[www.ustatunja.edu.co/investigacion-inagua.html]
[www.ustatunja.edu.co/presentacion-biblioteca.html]
[www.ustatunja.edu.co/recursos-biblioteca-tunja/prestamo-biblioteca-tunja.html]
[www.ustatunja.edu.co/trabajos-grado-santoto.html]
[www.ustatunja.edu.co/boletines-crai.html]
[www.ustatunja.edu.co/inicio-biblioteca.html]
[www.ustatunja.edu.co/recursos/aspirantes-estudiantes/calendario-academico.html]
[www.ustatunja.edu.co/contacto-crai.html]
[www.ustatunja.edu.co/programacion-matricula.html]
[www.ustatunja.edu.co/manual-docentes.html]
[www.ustatunja.edu.co/manual-estudiantes.html]
[www.ustatunja.edu.co/servicios-registro-control.html]
[www.ustatunja.edu.co/recursos/aspirantes-estudiantes/sac.html]
[www.ustatunja.edu.co/recursos/aspirantes-estudiantes/ediciones-usta-tunja.html]
[www.ustatunja.edu.co/sistema-academico-sac.html]
[www.ustatunja.edu.co/principios-consultorio-empresarial.html]
[www.ustatunja.edu.co/servicios-consultorio-empresarial.html]
[www.ustatunja.edu.co/requisitos-asesores-consultorio.html]
[www.ustatunja.edu.co/funciones-asesores-consultorio.html]
[www.ustatunja.edu.co/requisitos-usuarios-consultorio.html]
[www.ustatunja.edu.co/inicio-consultorio-empresarial.html]
[www.ustatunja.edu.co/alcance-consultorio-empresarial.html]
[www.ustatunja.edu.co/servicios-consultorio-naf.html]
[www.ustatunja.edu.co/presentacion-consultorio.html]
[www.ustatunja.edu.co/atencion-consultorio-juridico.html]
[www.ustatunja.edu.co/inicio-consultorio-juridico.html]
[www.ustatunja.edu.co/servicios-consultorio.html]
[www.ustatunja.edu.co/contacto-consultorio.html]
[www.ustatunja.edu.co/sedes-consultorio-juridico.html]
[www.ustatunja.edu.co/social-consultorio.html]
[www.ustatunja.edu.co/formacion-consultorio.html]
[www.ustatunja.edu.co/medios-consultorio.html]
[www.ustatunja.edu.co/convocatorias-consultorio.html]
[www.ustatunja.edu.co/inicio-centro-conciliacion.html]
[www.ustatunja.edu.co/servicios-conciliacion.html]
[www.ustatunja.edu.co/contacto-conciliacion.html]
[www.ustatunja.edu.co/sede-conciliacion.html]
[www.ustatunja.edu.co/social-conciliacion.html]
[www.ustatunja.edu.co/formacion-conciliacion.html]
[www.ustatunja.edu.co/interes-conciliacion.html]
[www.ustatunja.edu.co/preguntas-conciliacion.html]
[www.ustatunja.edu.co/inicio-consultorio-juridico-tunja.html]
[www.ustatunja.edu.co/convocatorias-conciliacion.html]
[www.ustatunja.edu.co/tomas-noticiasc0d0]
[www.ustatunja.edu.co/tomas-noticias7b17]
[www.ustatunja.edu.co/tomas-noticias5710]
[www.ustatunja.edu.co/tomas-noticias/tomas-noticias-usta/item/3599-santoto-tunja-estrena-programa-de-pregrado.html]
[www.ustatunja.edu.co/tomas-noticias034f.html]
[www.ustatunja.edu.co/tomas-noticiasbd13.html]
[www.ustatunja.edu.co/tomas-noticiasebc2.html]
[www.ustatunja.edu.co/tomas-noticiasb967.html]
[www.ustatunja.edu.co/tomas-noticias795a.html]
[www.ustatunja.edu.co/tomas-noticias1cd2.html]
[www.ustatunja.edu.co/tomas-noticiascb94.html]
[www.ustatunja.edu.co/tomas-noticiased6c.html]
[www.ustatunja.edu.co/tomas-noticiasdccf.html]
[www.ustatunja.edu.co/tomas-noticias5956.html]
[www.ustatunja.edu.co/tomas-noticias/itemlist/category/107-caleruega.html]
[www.ustatunja.edu.co/tomas-noticias/itemlist/category/134-agenda-santoto.html]
[www.ustatunja.edu.co/tomas-noticias.html]
[www.ustatunja.edu.co/tomas-noticias/itemlist/category/136-zona-t.html]
[www.ustatunja.edu.co/auxilios-educativos.html]
[www.ustatunja.edu.co/recursos/comunidad-tomasina/auxilios-educativos-usta-tunja.html]
[www.ustatunja.edu.co/recursos/comunidad-tomasina/todos-los-eventos.html]
[www.ustatunja.edu.co/descuentos-usta-tunja.html]
[www.ustatunja.edu.co/comunidad-ciencias-basicas.html]
[www.ustatunja.edu.co/docencia-ciencias-basicas.html]
[www.ustatunja.edu.co/formulario-remision-docentes-a-udies.html]
[www.ustatunja.edu.co/cursos-ciencias-basicas.html]
[www.ustatunja.edu.co/investigacion-ciencias-basicas.html]
[www.ustatunja.edu.co/proyeccion-ciencias-basicas.html]
[www.ustatunja.edu.co/noticias-ciencias-basicas.html]
[www.ustatunja.edu.co/tutorias-ciencias.html]
[www.ustatunja.edu.co/matematicas-ciencias.html]
[www.ustatunja.edu.co/inicio-ciencias-basicas.html]
[www.ustatunja.edu.co/seminarios-ciencias.html]
[www.ustatunja.edu.co/presentacion-humanidades.html]
[www.ustatunja.edu.co/comunidad-academica-humanidades.html]
[www.ustatunja.edu.co/malla-curricular-humanidades.html]
[www.ustatunja.edu.co/investigacion-humanidades.html]
[www.ustatunja.edu.co/revista-humanidades/comite-cientifico-humanidades.html]
[www.ustatunja.edu.co/eventos-humanidades.html]
[www.ustatunja.edu.co/inicio-humanidades.html]
[www.ustatunja.edu.co/programas-academicos-humanidades/maestria-en-pedagogia.html]
[www.ustatunja.edu.co/presentacion-posgrados.html]
[www.ustatunja.edu.co/reglamento-posgrados.html]
[www.ustatunja.edu.co/informacion-general-posgrados.html]
[www.ustatunja.edu.co/posgrado-admisiones-mercadeo/incripciones-posgrados.html]
[www.ustatunja.edu.co/inicio-posgrados.html]
[www.ustatunja.edu.co/contacto-posgrados.html]
[www.ustatunja.edu.co/pregrado-admisiones-mercadeo/incripciones-admisiones-mercadeo.html]
[www.ustatunja.edu.co/pregrado-admisiones-mercadeo/transferencias-admisiones-mercadeo.html]
[www.ustatunja.edu.co/pregrado-admisiones-mercadeo/proceso-de-homologación.html]
[www.ustatunja.edu.co/pregrado-admisiones-mercadeo/reingreso-admisiones-mercadeo.html]
[www.ustatunja.edu.co/incentivos-academicos-por-buen-desempeno-en-las-pruebas-saber-pro.html]
[www.ustatunja.edu.co/inscripcion-de-materias-antiguos-2021.html]
[www.ustatunja.edu.co/creditos-sindicatura-u.html]
[www.ustatunja.edu.co/extranjeros-admisiones-mercadeo.html]
[www.ustatunja.edu.co/index.php/nuestra-institucion/enlaces-institucionales/derechos-pecuniarios.html]
[www.ustatunja.edu.co/inicio-admisiones-mercadeo.html]
[www.ustatunja.edu.co/contacto-admisiones-mercadeo.html]
[www.ustatunja.edu.co/inicio-registro-control.html]
[www.ustatunja.edu.co/funciones-registro-control.html]
[www.ustatunja.edu.co/modalidad-pago.html]
[www.ustatunja.edu.co/credito-santoto.html]
[www.ustatunja.edu.co/red-servicios.html]
[www.ustatunja.edu.co/incentivos-saber-pro.html]
[www.ustatunja.edu.co/cerificaciones-sindicatura.html]
[www.ustatunja.edu.co/pago-sindicatura.html]
[www.ustatunja.edu.co/inicio-sindicatura.html]
[www.ustatunja.edu.co/contacto-sindicatura.html]
[www.ustatunja.edu.co/presentacion-planeacion/mision-planeacion.html]
[www.ustatunja.edu.co/presentacion-planeacion/vision-planeacion.html]
[www.ustatunja.edu.co/presentacion-planeacion/quienes-somos.html]
[www.ustatunja.edu.co/planeacion-institucional/pim.html]
[www.ustatunja.edu.co/planeacion-institucional/pgd.html]
[www.ustatunja.edu.co/planeacion-institucional/pd-tunja.html]
[www.ustatunja.edu.co/planeacion-institucional/lineamientos-de-planeacion-seccional-tunja.html]
[www.ustatunja.edu.co/planeacion-institucional/psd-2022.html]
[www.ustatunja.edu.co/sistemas-de-informacion.html]
[www.ustatunja.edu.co/boletines-informes/cifras-historicas.html]
[www.ustatunja.edu.co/boletines-informes/boletines-estadisticos.html]
[www.ustatunja.edu.co/boletines-informes/informes.html]
[www.ustatunja.edu.co/infraestructura-planeacion.html]
[www.ustatunja.edu.co/parqueaderos.html]
[www.ustatunja.edu.co/inicio-planeacion.html]
[www.ustatunja.edu.co/tutorial-siac-en-linea.html]
[www.ustatunja.edu.co/presentacion-desarrollo-curricular.html]
[www.ustatunja.edu.co/recursos-desarrollo-curricular.html]
[www.ustatunja.edu.co/portafolio-de-electivas-pregrado-y-posgrado-multicampus.html]
[www.ustatunja.edu.co/convocatorias-desarrollo-curricular.html]
[www.ustatunja.edu.co/educacion-virtual-desarrollo.html]
[www.ustatunja.edu.co/documentos-desarrollo-curricular.html]
[www.ustatunja.edu.co/cursos-y-talleres.html]
[www.ustatunja.edu.co/inicio-desarrollo-curricular.html]
[www.ustatunja.edu.co/contacto-desarrollo-curricular.html]
[www.ustatunja.edu.co/horarios-tutorias.html]
[www.ustatunja.edu.co/subprocesos-udies.html]
[www.ustatunja.edu.co/representantes-estudiantiles-udies.html]
[www.ustatunja.edu.co/contacto.html]
[www.ustatunja.edu.co/galería-neotomasinos/neotomasinos-2018-1.html]
[www.ustatunja.edu.co/saber-pro-2019/simulacro.html]
[www.ustatunja.edu.co/inicio-desarrollo-integral.html]
[www.ustatunja.edu.co/saber-pro-2019/prueba.html]
[www.ustatunja.edu.co/cultura-casa.html]
[www.ustatunja.edu.co/deporte-casa.html]
[www.ustatunja.edu.co/desarrollo-humano-casa.html]
[www.ustatunja.edu.co/salud-casa.html]
[www.ustatunja.edu.co/inicio-bienestar-universitario.html]
[www.ustatunja.edu.co/areas-bienestar-universitario/area-de-salud-y-desarrollo-humano.html]
[www.ustatunja.edu.co/areas-bienestar-universitario/área-de-deportes.html]
[www.ustatunja.edu.co/areas-bienestar-universitario/área-de-cultura.html]
[www.ustatunja.edu.co/areas-bienestar-universitario/desarrollo-bienestar-universitario.html]
[www.ustatunja.edu.co/politicas-bienestar-universitario.html]
[www.ustatunja.edu.co/recursos-bienestar-universitario.html]
[www.ustatunja.edu.co/servicios-bienestar-universitario.html]
[www.ustatunja.edu.co/noticias-bienestar-universitario.html]
[www.ustatunja.edu.co/equipo-de-trabajo-bienestar-universitario.html]
[www.ustatunja.edu.co/presentacion-oficina-de-egresados.html]
[www.ustatunja.edu.co/descuentos-egresados.html]
[www.ustatunja.edu.co/contacto-egresados.html]
[www.ustatunja.edu.co/diaspora-tomasina.html]
[www.ustatunja.edu.co/representantes-de-los-egresados.html]
[www.ustatunja.edu.co/boletines-egresados.html]
[www.ustatunja.edu.co/tomas-noticias-egresados.html]
[www.ustatunja.edu.co/momento-especial-egresados.html]
[www.ustatunja.edu.co/inicio-oficina-de-egresados.html]
[www.ustatunja.edu.co/reconocimiento-especial-egresados.html]
[www.ustatunja.edu.co/inicio-derecho-minero-ambiental.html]
[www.ustatunja.edu.co/presentacion-derecho-minero-ambiental.html]
[www.ustatunja.edu.co/licenciatura-idiomas.html]
[www.ustatunja.edu.co/presentacion-licenciatura-idiomas.html]
[www.ustatunja.edu.co/videos-covid-19.html]
[www.ustatunja.edu.co/protocolos-listos.html]
[www.ustatunja.edu.co/asi-vamos-cuidate.html]
[www.ustatunja.edu.co/normativa-listos.html]
[www.ustatunja.edu.co/noticias.html]
[www.ustatunja.edu.co/encuestas-listos.html]
[www.ustatunja.edu.co/preguntas-listos.html]
[www.ustatunja.edu.co/la-santoto-te-acompana.html]
[www.ustatunja.edu.co/proceso-de-reporte-de-sintomatologia.html]
[www.ustatunja.edu.co/lineas-de-atencion-eps.html]
[www.ustatunja.edu.co/inicio-listos.html]
[www.ustatunja.edu.co/comentarios.html]
[www.ustatunja.edu.co/tomas-noticias/itemlist.html]
[www.ustatunja.edu.co/tomas-noticias/tomas-noticias-usta034f.html]
[www.ustatunja.edu.co/tomas-noticias/tomas-noticias-ustabd13.html]
[www.ustatunja.edu.co/tomas-noticias/tomas-noticias-ustaebc2.html]
[www.ustatunja.edu.co/tomas-noticias/tomas-noticias-ustab967.html]
[www.ustatunja.edu.co/tomas-noticias/tomas-noticias-usta795a.html]
[www.ustatunja.edu.co/tomas-noticias/tomas-noticias-usta1cd2.html]
[www.ustatunja.edu.co/tomas-noticias/tomas-noticias-ustacb94.html]
[www.ustatunja.edu.co/tomas-noticias/tomas-noticias-ustaed6c.html]
[www.ustatunja.edu.co/tomas-noticias/tomas-noticias-ustadccf.html]
[www.ustatunja.edu.co/tomas-noticias/tomas-noticias-usta1ad2.html]
[www.ustatunja.edu.co/tomas-noticias/tomas-noticias-usta.html]
[www.ustatunja.edu.co/tomas-noticias/tomas-noticias-usta/itemlist/category/134-agenda-santoto.html]
[www.ustatunja.edu.co/tomas-noticias/tomas-noticias-usta/item/3605-maestria-en-derecho-minero-ambiental-es-una-realidad.html]
[www.ustatunja.edu.co/tomas-noticias/tomas-noticias-usta/item/3604-nueva-estrategia-de-icetex.html]
[www.ustatunja.edu.co/tomas-noticias/tomas-noticias-usta/item/3603-calendario-interno-saber-pro.html]
[www.ustatunja.edu.co/tomas-noticias/tomas-noticias-usta/item/3602-santoto-tunja-trabajo-con-los-pequenos-del-amparo-de-ninos.html]
[www.ustatunja.edu.co/tomas-noticias/tomas-noticias-usta/item/3601-tomasino-tu-opinion-es-muy-importante-para-nosotros.html]
[www.ustatunja.edu.co/eventos-usta-tunja/event/128-convocatoria-permanente-l-espirit-ingenieux.html]
[www.ustatunja.edu.co/eventos-usta-tunja/event/131-iii-convocatoria-interna-para-desarrollo-de-proyectos-de-grado.html]
[s7.addthis.com/js/300/addthis_widget.js]
[www.ustatunja.edu.co/eventos-usta-tunja/event/141-revista-t-arquitectura.html]
[www.ustatunja.edu.co/eventos-usta-tunja/event/146-la-igualdad-y-los-derechos-sexuales-de-las-migraciones.html]
[www.ustatunja.edu.co/eventos-usta-tunja/event/147-1er-congreso-internacional-de-ciencias-basicas-economicas-administrativas-y-contables.html]
[www.ustatunja.edu.co/eventos-usta-tunja/event/149-webinar-estrategia-mujeres-libres-de-violencia.html]
[www.ustatunja.edu.co/eventos-usta-tunja/event/153-formacion-en-emprendimiento.html]
[www.ustatunja.edu.co/convocatorias-santoto.html]
[www.ustatunja.edu.co/index.php/politica-de-cookies-cookies-policy.html]
[www.ustatunja.edu.co/comunicados/item/3378-validacion-de-incapacidades-medicas-para-estudiantes-de-pregrado-y-posgrado.html]
[www.ustatunja.edu.co/comunicados/item/3127-medidas-de-prevencion-contencion-y-mitigacion-para-el-covid-19-en-el-entorno-institucional.html]
[www.ustatunja.edu.co/comunicados/item/3070-calendario-institucional-2021.html]
[www.ustatunja.edu.co/comunicados/item/2889-tip-informativos-registro-y-control.html]
[www.ustatunja.edu.co/comunicados/item/2720-este-sera-el-correo-que-atendera-las-situaciones-de-acoso.html]
[www.ustatunja.edu.co/comunicados/item/2690-instrumento-de-caracterizacion-de-neotomasinos-pregrado-tunja.html]
[www.ustatunja.edu.co/comunicados/item/2551-protocolo-incapacidades-usta.html]
[www.ustatunja.edu.co/convocatorias-laborales.html]
[www.ustatunja.edu.co/embebidos/footer/footer-principal-v2.html]
[www.ustatunja.edu.co/cursor_zoom.html]
[www.ustatunja.edu.co/recursos/comunidad-tomasina/correo-electronico/item/2043-periodico-buscador.html]
[www.ustatunja.edu.co/presentacion-relaciones-internacionales.html]
[www.ustatunja.edu.co/internacionalizacion-santoto.html]
[www.ustatunja.edu.co/registro-proveedores.html]
[www.ustatunja.edu.co/convocatorias-relaciones-internacionales.html]
[www.ustatunja.edu.co/movilidad-relaciones-internacionales.html]
[www.ustatunja.edu.co/experiencias-relaciones-internacionales.html]
[www.ustatunja.edu.co/convenios-relaciones-internacionales.html]
[www.ustatunja.edu.co/preguntas-relaciones-internacioneles.html]
[www.ustatunja.edu.co/contactanos-orii.html]
[www.ustatunja.edu.co/recursos-proyeccion-social.html]
[www.ustatunja.edu.co/inicio-proyeccion-social/presentacion-proyeccion-social.html]
[www.ustatunja.edu.co/inicio-proyeccion-social/principios-proyeccion-social.html]
[www.ustatunja.edu.co/inicio-proyeccion-social/organizacion-proyeccion-social.html]
[www.ustatunja.edu.co/quienes-somos-proyeccion-social/informacion-proyeccion-social.html]
[www.ustatunja.edu.co/quienes-somos-proyeccion-social/lineamientos-proyeccion-social.html]
[www.ustatunja.edu.co/estrategias/desarrollo-comunitario.html]
[www.ustatunja.edu.co/estrategias/emprendimiento.html]
[www.ustatunja.edu.co/estrategias/relaciones-interinstitucionales.html]
[www.ustatunja.edu.co/estrategias/egresados.html]
[www.ustatunja.edu.co/estrategias/articulacion-rsu.html]
[www.ustatunja.edu.co/estadisticas/estadisticas-2017-proyeccion-social.html]
[www.ustatunja.edu.co/cronograma-interno-del-proceso-de-grados-2021.html]
[www.ustatunja.edu.co/preuniversitario-santoto.html]
[www.ustatunja.edu.co/equipo-trabajo-secretaria.html]
[www.ustatunja.edu.co/presentacion-auditoria-interna.html]
[www.ustatunja.edu.co/servicios-auditoria-interna.html]
[www.ustatunja.edu.co/equipo-de-trabajo-auditoria-interna.html]
[www.ustatunja.edu.co/enlaces-interes-auditoria-interna.html]
[www.ustatunja.edu.co/etapas-proceso-autoevaluacion.html]
[www.ustatunja.edu.co/sistema-de-gestion-de-la-calidad/politica-y-objetivos-de-la-calidad.html]
[www.ustatunja.edu.co/sistema-de-gestion-de-la-calidad/mapa-de-procesos.html]
[www.ustatunja.edu.co/sistema-de-gestion-ambiental/inicio-sistema-gestion-ambiental.html]
[www.ustatunja.edu.co/sistema-de-gestion-ambiental/politica-y-objetivos-ambientales.html]
[www.ustatunja.edu.co/sistema-de-gestion-ambiental/programas-de-gestion-ambiental.html]
[www.ustatunja.edu.co/sistema-de-gestion-ambiental/ecoestadisticas.html]
[www.ustatunja.edu.co/sistema-de-gestion-ambiental/dimension-ambiental.html]
[www.ustatunja.edu.co/sistema-de-gestion-ambiental/campanas-ambiental.html]
[www.ustatunja.edu.co/registro-calificado.html]
[www.ustatunja.edu.co/criterios-calidad.html]
[www.ustatunja.edu.co/acreditacion-ugicu.html]
[www.ustatunja.edu.co/noticias-ugicu.html]
[www.ustatunja.edu.co/team-challenge-usta-tunja.html]
[www.ustatunja.edu.co/contacto-ugicu.html]
[www.ustatunja.edu.co/inicio-seguridad-vial.html]
[www.ustatunja.edu.co/integrantes-seguridad-vial.html]
[www.ustatunja.edu.co/documentos-comite-seguridad-vial.html]
[www.ustatunja.edu.co/electivas-multicampus.html]
[www.ustatunja.edu.co/inicio-diseno-interaccion.html]
[www.ustatunja.edu.co/inicio-administracion-empresas.html]
[www.ustatunja.edu.co/inicio-negocios-internacionales.html]
[www.ustatunja.edu.co/inicio-contaduria-publica.html]
[www.ustatunja.edu.co/inicio-derecho.html]
[www.ustatunja.edu.co/inicio-arquitectura.html]
[www.ustatunja.edu.co/inicio-ingenieria-ambiental.html]
[www.ustatunja.edu.co/inicio-ingenieria-civil.html]
[www.ustatunja.edu.co/inicio-ingenieria-sistemas.html]
[www.ustatunja.edu.co/inicio-ingenieria-electronica.html]
[www.ustatunja.edu.co/inicio-ingenieria-mecanica.html]
[www.ustatunja.edu.co/inicio-ingenieria-industrial.html]
[www.ustatunja.edu.co/inicio-cultura-fisica.html]
[www.ustatunja.edu.co/pregrado-admisiones-mercadeo/costos-admisiones-mercadeo.html]
[www.ustatunja.edu.co/inicio-especializacion-en-gerencia-estrategica-de-costos.html]
[www.ustatunja.edu.co/inicio-especializacion-auditoria-de-salud.html]
[www.ustatunja.edu.co/especializacion-auditoria.html]
[www.ustatunja.edu.co/inicio-especializacion-gestion-territorial.html]
[www.ustatunja.edu.co/inicio-innovacion-marketing.html]
[www.ustatunja.edu.co/maestria-administracion.html]
[www.ustatunja.edu.co/inicio-especializacion-penal-procesal.html]
[www.ustatunja.edu.co/inicio-especializacion-derecho-administrativo.html]
[www.ustatunja.edu.co/inicio-especializacion-contratacion-estatal.html]
[www.ustatunja.edu.co/inicio-especializacion-juridica-forense.html]
[www.ustatunja.edu.co/inicio-maestria-derecho-administrativo.html]
[www.ustatunja.edu.co/inicio-maestria-derecho-penal-procesal.html]
[www.ustatunja.edu.co/inicio-maestria-derecho-privado.html]
[www.ustatunja.edu.co/inicio-doctorado-derecho-publico.html]
[www.ustatunja.edu.co/inicio-especializacion-sistemas-calidad.html]
[www.ustatunja.edu.co/inicio-especializacion-proyectos-construccion.html]
[www.ustatunja.edu.co/inicio-especializacion-pavimentos.html]
[www.ustatunja.edu.co/inicio-especializacion-estructuras.html]
[www.ustatunja.edu.co/inicio-maestria-civil-hidroambiental.html]
[www.ustatunja.edu.co/inicio-maestria-ingenieria.html]
[www.ustatunja.edu.co/inicio-sostenibilidad-ambiental.html]
[www.ustatunja.edu.co/inicio-maestria-pedagogia.html]
[www.ustatunja.edu.co/posgrado-admisiones-mercadeo/valores-posgrado-admisiones-mercadeo.html]
[www.ustatunja.edu.co/presentacion-instituto-de-lenguas.html]
[www.ustatunja.edu.co/comunidad-academica-institudo-lenguas.html]
[www.ustatunja.edu.co/clubes-de-conversacion.html]
[www.ustatunja.edu.co/cursos-intersemestrales.html]
[www.ustatunja.edu.co/oferta-de-cursos/libres-y-refuerzos-para-ninos-y-jovenes.html]
[www.ustatunja.edu.co/oferta-de-cursos/espanol-para-extranjeros.html]
[www.ustatunja.edu.co/oferta-de-cursos/otros-idiomas.html]
[www.ustatunja.edu.co/oferta-de-cursos/preparacion-examen-ibt.html]
[www.ustatunja.edu.co/oferta-de-cursos/ingles-como-requisito-de-grado-para-maestrias-y-especializaciones.html]
[www.ustatunja.edu.co/noticias-instituto-de-lenguas.html]
[www.ustatunja.edu.co/examenes-de-suficiencia.html]
[www.ustatunja.edu.co/solicitar-traduccion.html]
[www.ustatunja.edu.co/servicios-ofertados.html]
[www.ustatunja.edu.co/recursos-asociados.html]
[www.ustatunja.edu.co/investigacion-inagua.html]
[www.ustatunja.edu.co/presentacion-biblioteca.html]
[www.ustatunja.edu.co/recursos-biblioteca-tunja/prestamo-biblioteca-tunja.html]
[www.ustatunja.edu.co/trabajos-grado-santoto.html]
[www.ustatunja.edu.co/boletines-crai.html]
[www.ustatunja.edu.co/contacto-crai.html]
[www.ustatunja.edu.co/programacion-matricula.html]
[www.ustatunja.edu.co/manual-docentes.html]
[www.ustatunja.edu.co/manual-estudiantes.html]
[www.ustatunja.edu.co/servicios-registro-control.html]
[www.ustatunja.edu.co/sistema-academico-sac.html]
[www.ustatunja.edu.co/principios-consultorio-empresarial.html]
[www.ustatunja.edu.co/servicios-consultorio-empresarial.html]
[www.ustatunja.edu.co/requisitos-asesores-consultorio.html]
[www.ustatunja.edu.co/funciones-asesores-consultorio.html]
[www.ustatunja.edu.co/requisitos-usuarios-consultorio.html]
[www.ustatunja.edu.co/alcance-consultorio-empresarial.html]
[www.ustatunja.edu.co/servicios-consultorio-naf.html]
[www.ustatunja.edu.co/atencion-consultorio-juridico.html]
[www.ustatunja.edu.co/inicio-consultorio-juridico.html]
[www.ustatunja.edu.co/servicios-consultorio.html]
[www.ustatunja.edu.co/contacto-consultorio.html]
[www.ustatunja.edu.co/sedes-consultorio-juridico.html]
[www.ustatunja.edu.co/social-consultorio.html]
[www.ustatunja.edu.co/formacion-consultorio.html]
[www.ustatunja.edu.co/medios-consultorio.html]
[www.ustatunja.edu.co/convocatorias-consultorio.html]
[www.ustatunja.edu.co/inicio-centro-conciliacion.html]
[www.ustatunja.edu.co/servicios-conciliacion.html]
[www.ustatunja.edu.co/contacto-conciliacion.html]
[www.ustatunja.edu.co/sede-conciliacion.html]
[www.ustatunja.edu.co/social-conciliacion.html]
[www.ustatunja.edu.co/formacion-conciliacion.html]
[www.ustatunja.edu.co/interes-conciliacion.html]
[www.ustatunja.edu.co/preguntas-conciliacion.html]
[www.ustatunja.edu.co/convocatorias-conciliacion.html]
[www.ustatunja.edu.co/tomas-noticias/tomas-noticias-usta/item/3599-santoto-tunja-estrena-programa-de-pregrado.html]
[www.ustatunja.edu.co/tomas-noticias034f.html]
[www.ustatunja.edu.co/tomas-noticiasbd13.html]
[www.ustatunja.edu.co/tomas-noticiasebc2.html]
[www.ustatunja.edu.co/tomas-noticiasb967.html]
[www.ustatunja.edu.co/tomas-noticias795a.html]
[www.ustatunja.edu.co/tomas-noticias1cd2.html]
[www.ustatunja.edu.co/tomas-noticiascb94.html]
[www.ustatunja.edu.co/tomas-noticiased6c.html]
[www.ustatunja.edu.co/tomas-noticiasdccf.html]
[www.ustatunja.edu.co/tomas-noticias5956.html]
[www.ustatunja.edu.co/tomas-noticias/itemlist/category/107-caleruega.html]
[www.ustatunja.edu.co/tomas-noticias/itemlist/category/134-agenda-santoto.html]
[www.ustatunja.edu.co/tomas-noticias/itemlist/category/136-zona-t.html]
[www.ustatunja.edu.co/auxilios-educativos.html]
[www.ustatunja.edu.co/descuentos-usta-tunja.html]
[www.ustatunja.edu.co/comunidad-ciencias-basicas.html]
[www.ustatunja.edu.co/docencia-ciencias-basicas.html]
[www.ustatunja.edu.co/formulario-remision-docentes-a-udies.html]
[www.ustatunja.edu.co/cursos-ciencias-basicas.html]
[www.ustatunja.edu.co/investigacion-ciencias-basicas.html]
[www.ustatunja.edu.co/proyeccion-ciencias-basicas.html]
[www.ustatunja.edu.co/noticias-ciencias-basicas.html]
[www.ustatunja.edu.co/tutorias-ciencias.html]
[www.ustatunja.edu.co/matematicas-ciencias.html]
[www.ustatunja.edu.co/seminarios-ciencias.html]
[www.ustatunja.edu.co/presentacion-humanidades.html]
[www.ustatunja.edu.co/comunidad-academica-humanidades.html]
[www.ustatunja.edu.co/malla-curricular-humanidades.html]
[www.ustatunja.edu.co/investigacion-humanidades.html]
[www.ustatunja.edu.co/revista-humanidades/comite-cientifico-humanidades.html]
[www.ustatunja.edu.co/eventos-humanidades.html]
[www.ustatunja.edu.co/programas-academicos-humanidades/maestria-en-pedagogia.html]
[www.ustatunja.edu.co/presentacion-posgrados.html]
[www.ustatunja.edu.co/reglamento-posgrados.html]
[www.ustatunja.edu.co/informacion-general-posgrados.html]
[www.ustatunja.edu.co/oferta-posgrado-usta-tunja.html]
[www.ustatunja.edu.co/posgrado-admisiones-mercadeo/incripciones-posgrados.html]
[www.ustatunja.edu.co/contacto-posgrados.html]
[www.ustatunja.edu.co/pregrado-admisiones-mercadeo/incripciones-admisiones-mercadeo.html]
[www.ustatunja.edu.co/pregrado-admisiones-mercadeo/transferencias-admisiones-mercadeo.html]
[www.ustatunja.edu.co/pregrado-admisiones-mercadeo/proceso-de-homologación.html]
[www.ustatunja.edu.co/pregrado-admisiones-mercadeo/reingreso-admisiones-mercadeo.html]
[www.ustatunja.edu.co/incentivos-academicos-por-buen-desempeno-en-las-pruebas-saber-pro.html]
[www.ustatunja.edu.co/inscripcion-de-materias-antiguos-2021.html]
[www.ustatunja.edu.co/creditos-sindicatura-u.html]
[www.ustatunja.edu.co/extranjeros-admisiones-mercadeo.html]
[www.ustatunja.edu.co/index.php/nuestra-institucion/enlaces-institucionales/derechos-pecuniarios.html]
[www.ustatunja.edu.co/contacto-admisiones-mercadeo.html]
[www.ustatunja.edu.co/funciones-registro-control.html]
[www.ustatunja.edu.co/modalidad-pago.html]
[www.ustatunja.edu.co/credito-santoto.html]
[www.ustatunja.edu.co/red-servicios.html]
[www.ustatunja.edu.co/incentivos-saber-pro.html]
[www.ustatunja.edu.co/cerificaciones-sindicatura.html]
[www.ustatunja.edu.co/pago-sindicatura.html]
[www.ustatunja.edu.co/contacto-sindicatura.html]
[www.ustatunja.edu.co/presentacion-planeacion/mision-planeacion.html]
[www.ustatunja.edu.co/presentacion-planeacion/vision-planeacion.html]
[www.ustatunja.edu.co/presentacion-planeacion/quienes-somos.html]
[www.ustatunja.edu.co/planeacion-institucional/pim.html]
[www.ustatunja.edu.co/planeacion-institucional/pgd.html]
[www.ustatunja.edu.co/planeacion-institucional/pd-tunja.html]
[www.ustatunja.edu.co/planeacion-institucional/lineamientos-de-planeacion-seccional-tunja.html]
[www.ustatunja.edu.co/planeacion-institucional/psd-2022.html]
[www.ustatunja.edu.co/sistemas-de-informacion.html]
[www.ustatunja.edu.co/boletines-informes/cifras-historicas.html]
[www.ustatunja.edu.co/boletines-informes/boletines-estadisticos.html]
[www.ustatunja.edu.co/boletines-informes/informes.html]
[www.ustatunja.edu.co/infraestructura-planeacion.html]
[www.ustatunja.edu.co/parqueaderos.html]
[www.ustatunja.edu.co/tutorial-siac-en-linea.html]
[www.ustatunja.edu.co/presentacion-desarrollo-curricular.html]
[www.ustatunja.edu.co/recursos-desarrollo-curricular.html]
[www.ustatunja.edu.co/portafolio-de-electivas-pregrado-y-posgrado-multicampus.html]
[www.ustatunja.edu.co/convocatorias-desarrollo-curricular.html]
[www.ustatunja.edu.co/educacion-virtual-desarrollo.html]
[www.ustatunja.edu.co/documentos-desarrollo-curricular.html]
[www.ustatunja.edu.co/cursos-y-talleres.html]
[www.ustatunja.edu.co/contacto-desarrollo-curricular.html]
[www.ustatunja.edu.co/horarios-tutorias.html]
[www.ustatunja.edu.co/subprocesos-udies.html]
[www.ustatunja.edu.co/representantes-estudiantiles-udies.html]
[www.ustatunja.edu.co/contacto.html]
[www.ustatunja.edu.co/galería-neotomasinos/neotomasinos-2018-1.html]
[www.ustatunja.edu.co/saber-pro-2019/simulacro.html]
[www.ustatunja.edu.co/saber-pro-2019/prueba.html]
[www.ustatunja.edu.co/cultura-casa.html]
[www.ustatunja.edu.co/deporte-casa.html]
[www.ustatunja.edu.co/desarrollo-humano-casa.html]
[www.ustatunja.edu.co/salud-casa.html]
[www.ustatunja.edu.co/inicio-bienestar-universitario.html]
[www.ustatunja.edu.co/areas-bienestar-universitario/area-de-salud-y-desarrollo-humano.html]
[www.ustatunja.edu.co/areas-bienestar-universitario/área-de-deportes.html]
[www.ustatunja.edu.co/areas-bienestar-universitario/área-de-cultura.html]
[www.ustatunja.edu.co/areas-bienestar-universitario/desarrollo-bienestar-universitario.html]
[www.ustatunja.edu.co/politicas-bienestar-universitario.html]
[www.ustatunja.edu.co/recursos-bienestar-universitario.html]
[www.ustatunja.edu.co/servicios-bienestar-universitario.html]
[www.ustatunja.edu.co/equipo-de-trabajo-bienestar-universitario.html]
[www.ustatunja.edu.co/presentacion-oficina-de-egresados.html]
[www.ustatunja.edu.co/descuentos-egresados.html]
[www.ustatunja.edu.co/contacto-egresados.html]
[www.ustatunja.edu.co/diaspora-tomasina.html]
[www.ustatunja.edu.co/representantes-de-los-egresados.html]
[www.ustatunja.edu.co/boletines-egresados.html]
[www.ustatunja.edu.co/tomas-noticias-egresados.html]
[www.ustatunja.edu.co/momento-especial-egresados.html]
[www.ustatunja.edu.co/reconocimiento-especial-egresados.html]
[www.ustatunja.edu.co/presentacion-derecho-minero-ambiental.html]
[www.ustatunja.edu.co/presentacion-licenciatura-idiomas.html]
[www.ustatunja.edu.co/videos-covid-19.html]
[www.ustatunja.edu.co/protocolos-listos.html]
